
> fabloom@0.1.0 build
> next build

   Γû▓ Next.js 15.5.12
   - Environments: .env.local, .env
   - Experiments (use with caution):
     ┬╖ clientTraceMetadata

   Creating an optimized production build ...
> [PWA] Compile server
> [PWA] Compile server
> [PWA] Compile client (static)
> [PWA] Auto register service worker with: D:\Desktop\Fabloom\node_modules\next-pwa\register.js
> [PWA] Service worker: D:\Desktop\Fabloom\public\sw.js
> [PWA]   url: /sw.js
> [PWA]   scope: /
node.exe : <w> [webpack.cache.PackFileCacheStrategy] Serializing big strings (193kiB) impacts deserialization 
performance (consider using Buffer instead and decode when needed)
At line:1 char:1
+ & "C:\Program Files\nodejs/node.exe" "C:\Program Files\nodejs/node_mo ...
+ ~~~~~~~~~~~~~~~~~~~~~~~~~~~~~~~~~~~~~~~~~~~~~~~~~~~~~~~~~~~~~~~~~~~~~
    + CategoryInfo          : NotSpecified: (<w> [webpack.ca...de when needed):String) [], RemoteException
    + FullyQualifiedErrorId : NativeCommandError
 
<w> [webpack.cache.PackFileCacheStrategy] Serializing big strings (187kiB) impacts deserialization performance 
(consider using Buffer instead and decode when needed)
<w> [webpack.cache.PackFileCacheStrategy] Serializing big strings (139kiB) impacts deserialization performance 
(consider using Buffer instead and decode when needed)
Failed to compile.

./src/components/account/OrderTrackingClient.tsx
Error:   [31mx[0m Expected ',', got 'x1'
     ,-[[36;1;4mD:\Desktop\Fabloom\src\components\account\OrderTrackingClient.tsx[0m:119:1]
 [2m116[0m |     // Global Vertical Timeline Logic
 [2m117[0m |     const timelineSteps = [
 [2m118[0m |         { key: 'placed', label: 'Order Placed', desc: 'We have received your order.', icon: <path d="M6 
2 3 6v14a2 2 0 0 0 2 2h14a2 2 0 0 0 2-2V6l-3-4z M3 6h18 M16 10a4 4 0 0 1-8 0" /> },
 [2m119[0m |         { key: 'payment', label: 'Payment Confirmed', desc: 'Secure payment processed.', icon: <rect 
x="1" y="4" width="22" height="16" rx="2" ry="2"/><line x1="1" y1="10" x2="23" y2="10"/> },
     : [35;1m                                                                                                         
                                                    ^^[0m
 [2m120[0m |         ...(hasStitching ? [{ key: 'processing', label: 'Stitching in Progress', desc: 'Check 
individual garment cards for detailed progress.', icon: <circle cx="6" cy="6" r="3"/><circle cx="6" cy="18" 
r="3"/><line x1="20" y1="4" x2="8.12" y2="15.88"/><line x1="14.47" y1="14.48" x2="20" y2="20"/><line x1="8.12" 
y1="8.12" x2="12" y2="12"/> }] : []),
 [2m121[0m |         { key: 'dispatched', label: 'Dispatched', desc: 'Your package is on its way.', icon: <rect 
x="1" y="3" width="15" height="13"/><polygon points="16 8 20 8 23 11 23 16 16 16 16 8"/><circle cx="5.5" cy="18.5" 
r="2.5"/><circle cx="18.5" cy="18.5" r="2.5"/> },
 [2m122[0m |         { key: 'delivered', label: 'Delivered', desc: 'Delivered to your address.', icon: <path d="M21 
10c0 7-9 13-9 13s-9-6-9-13a9 9 0 0 1 18 0z"/><circle cx="12" cy="10" r="3"/> }
     `----

Caused by:
    Syntax Error

Import trace for requested module:
./src/components/account/OrderTrackingClient.tsx
./src/app/(store)/account/orders/[orderId]/page.tsx


> Build failed because of webpack errors
